// Jest Snapshot v1, https://goo.gl/fbAQLP

exports[`Quiz should test snapshot 1`] = `
Object {
  "asFragment": [Function],
  "baseElement": <body>
    <div>
      <div
        class="row"
      >
        <div
          class="my-5 mx-auto p-5 bg-secondary bg-opacity-25 col-lg-6 col-md-8 col-sm-12"
        >
          <div
            class="mb-5 row"
          >
            <div
              class="text-center col-sm-12"
            >
              <h1>
                General Knowledge
              </h1>
            </div>
          </div>
          <div
            class="row"
          >
            <div
              class="col-sm-12"
            >
              <div>
                This is the correct spelling of Supercalifragilisticexpialidocious.
              </div>
              <form
                class="mt-4"
              >
                <div
                  class="form-check form-check-inline"
                >
                  <input
                    class="form-check-input"
                    data-testid="true"
                    name="answer"
                    type="radio"
                  />
                  <label
                    class="form-check-label"
                    title=""
                  >
                    True
                  </label>
                </div>
                <div
                  class="form-check form-check-inline"
                >
                  <input
                    class="form-check-input"
                    data-testid="false"
                    name="answer"
                    type="radio"
                  />
                  <label
                    class="form-check-label"
                    title=""
                  >
                    False
                  </label>
                </div>
              </form>
              <h6
                class="my-5"
              >
                Question 
                1
                /
                10
              </h6>
              <div
                class="d-flex justify-content-between"
              >
                <button
                  class="px-4 py-2 btn btn-danger"
                  type="button"
                >
                  Exit
                </button>
                <button
                  class="px-4 py-2 btn btn-primary"
                  type="button"
                >
                  Next
                </button>
              </div>
            </div>
          </div>
        </div>
      </div>
    </div>
  </body>,
  "container": <div>
    <div
      class="row"
    >
      <div
        class="my-5 mx-auto p-5 bg-secondary bg-opacity-25 col-lg-6 col-md-8 col-sm-12"
      >
        <div
          class="mb-5 row"
        >
          <div
            class="text-center col-sm-12"
          >
            <h1>
              General Knowledge
            </h1>
          </div>
        </div>
        <div
          class="row"
        >
          <div
            class="col-sm-12"
          >
            <div>
              This is the correct spelling of Supercalifragilisticexpialidocious.
            </div>
            <form
              class="mt-4"
            >
              <div
                class="form-check form-check-inline"
              >
                <input
                  class="form-check-input"
                  data-testid="true"
                  name="answer"
                  type="radio"
                />
                <label
                  class="form-check-label"
                  title=""
                >
                  True
                </label>
              </div>
              <div
                class="form-check form-check-inline"
              >
                <input
                  class="form-check-input"
                  data-testid="false"
                  name="answer"
                  type="radio"
                />
                <label
                  class="form-check-label"
                  title=""
                >
                  False
                </label>
              </div>
            </form>
            <h6
              class="my-5"
            >
              Question 
              1
              /
              10
            </h6>
            <div
              class="d-flex justify-content-between"
            >
              <button
                class="px-4 py-2 btn btn-danger"
                type="button"
              >
                Exit
              </button>
              <button
                class="px-4 py-2 btn btn-primary"
                type="button"
              >
                Next
              </button>
            </div>
          </div>
        </div>
      </div>
    </div>
  </div>,
  "debug": [Function],
  "findAllByAltText": [Function],
  "findAllByDisplayValue": [Function],
  "findAllByLabelText": [Function],
  "findAllByPlaceholderText": [Function],
  "findAllByRole": [Function],
  "findAllByTestId": [Function],
  "findAllByText": [Function],
  "findAllByTitle": [Function],
  "findByAltText": [Function],
  "findByDisplayValue": [Function],
  "findByLabelText": [Function],
  "findByPlaceholderText": [Function],
  "findByRole": [Function],
  "findByTestId": [Function],
  "findByText": [Function],
  "findByTitle": [Function],
  "getAllByAltText": [Function],
  "getAllByDisplayValue": [Function],
  "getAllByLabelText": [Function],
  "getAllByPlaceholderText": [Function],
  "getAllByRole": [Function],
  "getAllByTestId": [Function],
  "getAllByText": [Function],
  "getAllByTitle": [Function],
  "getByAltText": [Function],
  "getByDisplayValue": [Function],
  "getByLabelText": [Function],
  "getByPlaceholderText": [Function],
  "getByRole": [Function],
  "getByTestId": [Function],
  "getByText": [Function],
  "getByTitle": [Function],
  "queryAllByAltText": [Function],
  "queryAllByDisplayValue": [Function],
  "queryAllByLabelText": [Function],
  "queryAllByPlaceholderText": [Function],
  "queryAllByRole": [Function],
  "queryAllByTestId": [Function],
  "queryAllByText": [Function],
  "queryAllByTitle": [Function],
  "queryByAltText": [Function],
  "queryByDisplayValue": [Function],
  "queryByLabelText": [Function],
  "queryByPlaceholderText": [Function],
  "queryByRole": [Function],
  "queryByTestId": [Function],
  "queryByText": [Function],
  "queryByTitle": [Function],
  "rerender": [Function],
  "unmount": [Function],
}
`;
