// Jest Snapshot v1, https://goo.gl/fbAQLP

exports[`Score should test snapshot 1`] = `
Object {
  "asFragment": [Function],
  "baseElement": <body>
    <div>
      <div
        class="row"
      >
        <div
          class="my-5 mx-auto p-5 bg-secondary bg-opacity-25 col-lg-6 col-md-8 col-sm-12"
        >
          <div
            class="mb-5 row"
          >
            <div
              class="text-center col-sm-12"
            >
              <h1>
                You scored 0/10
              </h1>
            </div>
          </div>
          <div
            class="row"
          >
            <div
              class="col-sm-12"
            >
              <div
                class="text-white result-item bg-danger list-group-item"
              >
                This is the correct spelling of Supercalifragilisticexpialidocious.
              </div>
              <div
                class="text-white result-item bg-danger list-group-item"
              >
                The Kingdom of Prussia briefly held land in Estonia.
              </div>
              <div
                class="text-white result-item bg-danger list-group-item"
              >
                "Number 16 Bus Shelter" was a child's name that was approved by the New Zealand government.
              </div>
              <div
                class="text-white result-item bg-danger list-group-item"
              >
                The Battle of Trafalgar took place on October 23rd, 1805
              </div>
              <div
                class="text-white result-item bg-danger list-group-item"
              >
                Lady Gaga's real name is Stefani Joanne Angelina Germanotta.
              </div>
              <div
                class="text-white result-item bg-danger list-group-item"
              >
                During the Winter War, the amount of Soviet Union soliders that died or went missing was five times more than Finland's.
              </div>
              <div
                class="text-white result-item bg-danger list-group-item"
              >
                Janus was the Roman god of doorways and passageways.
              </div>
              <div
                class="text-white result-item bg-danger list-group-item"
              >
                The video game "Fuel" has an open world that is 5,560 square miles?
              </div>
              <div
                class="text-white result-item bg-danger list-group-item"
              >
                Only one country in the world starts with the letter Q.
              </div>
              <div
                class="text-white result-item bg-danger list-group-item"
              >
                The protagonist in "Humanity Has Declined" has no discernable name and is simply referred to as 'I' for most of the series.
              </div>
              <div
                class="mt-5 d-flex justify-content-between"
              >
                <button
                  class="btn btn-success"
                  type="button"
                >
                  Go Home
                </button>
                <button
                  class="btn btn-primary"
                  type="button"
                >
                  Play Again
                </button>
              </div>
            </div>
          </div>
        </div>
      </div>
    </div>
  </body>,
  "container": <div>
    <div
      class="row"
    >
      <div
        class="my-5 mx-auto p-5 bg-secondary bg-opacity-25 col-lg-6 col-md-8 col-sm-12"
      >
        <div
          class="mb-5 row"
        >
          <div
            class="text-center col-sm-12"
          >
            <h1>
              You scored 0/10
            </h1>
          </div>
        </div>
        <div
          class="row"
        >
          <div
            class="col-sm-12"
          >
            <div
              class="text-white result-item bg-danger list-group-item"
            >
              This is the correct spelling of Supercalifragilisticexpialidocious.
            </div>
            <div
              class="text-white result-item bg-danger list-group-item"
            >
              The Kingdom of Prussia briefly held land in Estonia.
            </div>
            <div
              class="text-white result-item bg-danger list-group-item"
            >
              "Number 16 Bus Shelter" was a child's name that was approved by the New Zealand government.
            </div>
            <div
              class="text-white result-item bg-danger list-group-item"
            >
              The Battle of Trafalgar took place on October 23rd, 1805
            </div>
            <div
              class="text-white result-item bg-danger list-group-item"
            >
              Lady Gaga's real name is Stefani Joanne Angelina Germanotta.
            </div>
            <div
              class="text-white result-item bg-danger list-group-item"
            >
              During the Winter War, the amount of Soviet Union soliders that died or went missing was five times more than Finland's.
            </div>
            <div
              class="text-white result-item bg-danger list-group-item"
            >
              Janus was the Roman god of doorways and passageways.
            </div>
            <div
              class="text-white result-item bg-danger list-group-item"
            >
              The video game "Fuel" has an open world that is 5,560 square miles?
            </div>
            <div
              class="text-white result-item bg-danger list-group-item"
            >
              Only one country in the world starts with the letter Q.
            </div>
            <div
              class="text-white result-item bg-danger list-group-item"
            >
              The protagonist in "Humanity Has Declined" has no discernable name and is simply referred to as 'I' for most of the series.
            </div>
            <div
              class="mt-5 d-flex justify-content-between"
            >
              <button
                class="btn btn-success"
                type="button"
              >
                Go Home
              </button>
              <button
                class="btn btn-primary"
                type="button"
              >
                Play Again
              </button>
            </div>
          </div>
        </div>
      </div>
    </div>
  </div>,
  "debug": [Function],
  "findAllByAltText": [Function],
  "findAllByDisplayValue": [Function],
  "findAllByLabelText": [Function],
  "findAllByPlaceholderText": [Function],
  "findAllByRole": [Function],
  "findAllByTestId": [Function],
  "findAllByText": [Function],
  "findAllByTitle": [Function],
  "findByAltText": [Function],
  "findByDisplayValue": [Function],
  "findByLabelText": [Function],
  "findByPlaceholderText": [Function],
  "findByRole": [Function],
  "findByTestId": [Function],
  "findByText": [Function],
  "findByTitle": [Function],
  "getAllByAltText": [Function],
  "getAllByDisplayValue": [Function],
  "getAllByLabelText": [Function],
  "getAllByPlaceholderText": [Function],
  "getAllByRole": [Function],
  "getAllByTestId": [Function],
  "getAllByText": [Function],
  "getAllByTitle": [Function],
  "getByAltText": [Function],
  "getByDisplayValue": [Function],
  "getByLabelText": [Function],
  "getByPlaceholderText": [Function],
  "getByRole": [Function],
  "getByTestId": [Function],
  "getByText": [Function],
  "getByTitle": [Function],
  "queryAllByAltText": [Function],
  "queryAllByDisplayValue": [Function],
  "queryAllByLabelText": [Function],
  "queryAllByPlaceholderText": [Function],
  "queryAllByRole": [Function],
  "queryAllByTestId": [Function],
  "queryAllByText": [Function],
  "queryAllByTitle": [Function],
  "queryByAltText": [Function],
  "queryByDisplayValue": [Function],
  "queryByLabelText": [Function],
  "queryByPlaceholderText": [Function],
  "queryByRole": [Function],
  "queryByTestId": [Function],
  "queryByText": [Function],
  "queryByTitle": [Function],
  "rerender": [Function],
  "unmount": [Function],
}
`;
